obs shape (64, 64, 5), action dim 2
ep   0 seed   0 steps   42 return     2.88 crash False
ep   1 seed   1 steps  198 return    48.63 crash False
ep   2 seed   2 steps   53 return    13.40 crash False
ep   3 seed   3 steps  251 return    66.94 crash False
ep   4 seed   4 steps  231 return   120.66 crash False
ep   5 seed   5 steps  251 return    38.41 crash False
ep   6 seed   6 steps  251 return    59.52 crash False
ep   7 seed   7 steps  251 return    92.01 crash False
ep   8 seed   8 steps  155 return    59.70 crash True
ep   9 seed   9 steps  251 return    43.82 crash False
ep  10 seed  10 steps  251 return    41.41 crash False
ep  11 seed  11 steps   58 return    14.79 crash False
ep  12 seed  12 steps  251 return   108.68 crash False
ep  13 seed  13 steps  251 return    87.74 crash False
ep  14 seed  14 steps  251 return   103.75 crash False
ep  15 seed  15 steps   26 return     2.00 crash False
ep  16 seed  16 steps  251 return    42.15 crash False
ep  17 seed  17 steps   27 return    -0.23 crash False
ep  18 seed  18 steps  251 return    45.41 crash False
ep  19 seed  19 steps  135 return    52.87 crash True
ep  20 seed  20 steps  251 return    35.34 crash False
ep  21 seed  21 steps   27 return     2.09 crash False
ep  22 seed  22 steps  251 return   114.54 crash False
ep  23 seed  23 steps  121 return    56.00 crash True
ep  24 seed  24 steps   19 return    -1.72 crash False
ep  25 seed  25 steps  251 return    60.21 crash False
ep  26 seed  26 steps   46 return    12.95 crash False
ep  27 seed  27 steps  251 return   130.49 crash False
ep  28 seed  28 steps  251 return    60.73 crash False
ep  29 seed  29 steps  251 return   117.77 crash False
ep  30 seed  30 steps  251 return    28.11 crash False
ep  31 seed  31 steps   39 return     1.25 crash False
ep  32 seed  32 steps  251 return    87.15 crash False
ep  33 seed  33 steps  251 return    47.78 crash False
ep  34 seed  34 steps   44 return     4.75 crash False
ep  35 seed  35 steps  251 return    60.64 crash False
ep  36 seed  36 steps  251 return    38.64 crash False
ep  37 seed  37 steps  251 return    36.66 crash False
ep  38 seed  38 steps   56 return    19.32 crash False
ep  39 seed  39 steps  251 return    59.59 crash False
ep  40 seed  40 steps   49 return    10.99 crash False
ep  41 seed  41 steps  251 return   114.32 crash False
ep  42 seed  42 steps  251 return    64.79 crash False
ep  43 seed  43 steps  251 return    68.72 crash False
ep  44 seed  44 steps   28 return     2.02 crash False
ep  45 seed  45 steps  251 return    42.54 crash False
ep  46 seed  46 steps  251 return    50.04 crash False
ep  47 seed  47 steps   40 return     0.56 crash False
ep  48 seed  48 steps   21 return    -1.08 crash False
ep  49 seed  49 steps  138 return    47.88 crash False
ep  50 seed  50 steps  251 return   100.76 crash False
ep  51 seed  51 steps  130 return    51.43 crash True
ep  52 seed  52 steps  219 return   116.45 crash False
ep  53 seed  53 steps   41 return     9.40 crash False
ep  54 seed  54 steps  251 return    38.02 crash False
ep  55 seed  55 steps   36 return     3.67 crash False
ep  56 seed  56 steps   33 return     3.59 crash False
ep  57 seed  57 steps   21 return    -0.73 crash False
ep  58 seed  58 steps  251 return    50.49 crash False
ep  59 seed  59 steps  251 return    55.77 crash False
ep  60 seed  60 steps  132 return    46.26 crash True
ep  61 seed  61 steps  251 return    51.16 crash False
ep  62 seed  62 steps   34 return     6.40 crash False
ep  63 seed  63 steps  251 return    48.41 crash False
ep  64 seed  64 steps  251 return    46.95 crash False
ep  65 seed  65 steps  251 return    82.35 crash False
ep  66 seed  66 steps   36 return     7.51 crash False
ep  67 seed  67 steps  251 return    45.48 crash False
ep  68 seed  68 steps   26 return    -0.27 crash False
ep  69 seed  69 steps  251 return    47.04 crash False
ep  70 seed  70 steps  251 return   109.22 crash False
ep  71 seed  71 steps   28 return    -0.97 crash False
ep  72 seed  72 steps   24 return    -0.62 crash False
ep  73 seed  73 steps  189 return   108.45 crash False
ep  74 seed  74 steps  251 return    73.70 crash False
ep  75 seed  75 steps  251 return    41.90 crash False
ep  76 seed  76 steps   25 return     0.04 crash False
ep  77 seed  77 steps   50 return     8.93 crash False
ep  78 seed  78 steps  251 return    39.14 crash False
ep  79 seed  79 steps  251 return    49.35 crash False
ep  80 seed  80 steps  222 return    88.13 crash False
ep  81 seed  81 steps  251 return   119.44 crash False
ep  82 seed  82 steps   23 return    -0.31 crash False
ep  83 seed  83 steps   32 return     6.70 crash False
ep  84 seed  84 steps   35 return     5.96 crash False
ep  85 seed  85 steps  251 return   113.60 crash False
ep  86 seed  86 steps  251 return    37.37 crash False
ep  87 seed  87 steps   30 return     3.79 crash False
ep  88 seed  88 steps  251 return    47.54 crash False
ep  89 seed  89 steps   66 return    26.14 crash False
ep  90 seed  90 steps  251 return    52.53 crash False
ep  91 seed  91 steps   27 return    -0.00 crash False
ep  92 seed  92 steps  251 return    84.07 crash False
ep  93 seed  93 steps  251 return    31.72 crash False
ep  94 seed  94 steps  251 return    51.70 crash False
ep  95 seed  95 steps  251 return   129.96 crash False
ep  96 seed  96 steps   30 return     1.85 crash False
ep  97 seed  97 steps  180 return    59.25 crash True
ep  98 seed  98 steps  251 return    64.20 crash False
ep  99 seed  99 steps   24 return     0.36 crash False
ep 100 seed   0 steps   28 return     1.88 crash False
ep 101 seed   1 steps  145 return    46.06 crash False
ep 102 seed   2 steps  251 return    61.59 crash False
ep 103 seed   3 steps  251 return    51.61 crash False
ep 104 seed   4 steps  251 return    54.52 crash False
ep 105 seed   5 steps   28 return    -2.64 crash False
ep 106 seed   6 steps  251 return   110.10 crash False
ep 107 seed   7 steps  251 return    22.20 crash False
ep 108 seed   8 steps  251 return    32.12 crash False
ep 109 seed   9 steps  104 return    48.81 crash False
ep 110 seed  10 steps  251 return    65.29 crash False
ep 111 seed  11 steps  251 return   103.55 crash False
ep 112 seed  12 steps  251 return    71.52 crash False
ep 113 seed  13 steps  251 return    68.43 crash False
ep 114 seed  14 steps   32 return     2.14 crash False
ep 115 seed  15 steps   60 return     8.18 crash False
ep 116 seed  16 steps  251 return    78.49 crash False
ep 117 seed  17 steps  251 return    68.14 crash False
ep 118 seed  18 steps  251 return    50.04 crash False
ep 119 seed  19 steps  157 return    53.93 crash False
ep 120 seed  20 steps   29 return    -1.61 crash False
ep 121 seed  21 steps   42 return     9.09 crash False
ep 122 seed  22 steps  251 return    72.47 crash False
ep 123 seed  23 steps  251 return    92.83 crash False
ep 124 seed  24 steps   38 return     4.09 crash False
ep 125 seed  25 steps  251 return   105.11 crash False
ep 126 seed  26 steps  118 return    57.25 crash True
ep 127 seed  27 steps   37 return    -0.31 crash False
ep 128 seed  28 steps  251 return    61.30 crash False
ep 129 seed  29 steps  158 return    55.62 crash False
ep 130 seed  30 steps   37 return     2.30 crash False
ep 131 seed  31 steps   27 return     0.24 crash False
ep 132 seed  32 steps   75 return     3.95 crash False
ep 133 seed  33 steps   79 return    21.13 crash False
ep 134 seed  34 steps   22 return    -0.40 crash False
ep 135 seed  35 steps  251 return    63.80 crash False
ep 136 seed  36 steps   27 return     2.27 crash False
ep 137 seed  37 steps  103 return     4.54 crash False
ep 138 seed  38 steps   35 return     0.91 crash False
ep 139 seed  39 steps   48 return     4.79 crash False
ep 140 seed  40 steps  251 return    50.54 crash False
ep 141 seed  41 steps   45 return     0.55 crash False
ep 142 seed  42 steps  196 return   107.87 crash False
ep 143 seed  43 steps  251 return    51.49 crash False
ep 144 seed  44 steps   30 return    -0.60 crash False
ep 145 seed  45 steps  251 return    37.22 crash False
ep 146 seed  46 steps   24 return     1.07 crash False
ep 147 seed  47 steps   43 return     4.63 crash False
ep 148 seed  48 steps   74 return     9.19 crash False
ep 149 seed  49 steps   28 return    -1.17 crash False
ep 150 seed  50 steps  251 return    73.10 crash False
ep 151 seed  51 steps  251 return    91.89 crash False
ep 152 seed  52 steps  251 return    41.31 crash False
ep 153 seed  53 steps  251 return    99.47 crash False
ep 154 seed  54 steps  251 return   107.97 crash False
ep 155 seed  55 steps   25 return    -0.53 crash False
ep 156 seed  56 steps   47 return     2.16 crash False
ep 157 seed  57 steps  251 return    52.82 crash False
ep 158 seed  58 steps   93 return    26.58 crash False
ep 159 seed  59 steps  251 return    71.52 crash False
ep 160 seed  60 steps   38 return     5.57 crash False
ep 161 seed  61 steps  251 return    38.47 crash False
ep 162 seed  62 steps  251 return    83.97 crash False
ep 163 seed  63 steps  251 return   115.16 crash False
ep 164 seed  64 steps   40 return     0.35 crash False
ep 165 seed  65 steps  251 return    53.38 crash False
ep 166 seed  66 steps   24 return    -1.26 crash False
ep 167 seed  67 steps   25 return    -1.07 crash False
ep 168 seed  68 steps  251 return    74.83 crash False
ep 169 seed  69 steps  251 return    61.17 crash False
ep 170 seed  70 steps  251 return    34.51 crash False
ep 171 seed  71 steps  251 return   103.56 crash False
ep 172 seed  72 steps  251 return    39.88 crash False
ep 173 seed  73 steps   50 return     3.10 crash False
ep 174 seed  74 steps   37 return     0.49 crash False
ep 175 seed  75 steps   27 return     0.71 crash False
ep 176 seed  76 steps   27 return     0.87 crash False
ep 177 seed  77 steps  251 return    91.25 crash False
ep 178 seed  78 steps  251 return    60.72 crash False
ep 179 seed  79 steps  251 return   143.20 crash False
ep 180 seed  80 steps   34 return     3.13 crash False
ep 181 seed  81 steps  251 return    47.69 crash False
ep 182 seed  82 steps  251 return    38.94 crash False
ep 183 seed  83 steps   28 return     0.80 crash False
ep 184 seed  84 steps   89 return    25.25 crash False
ep 185 seed  85 steps   21 return    -1.74 crash False
ep 186 seed  86 steps  225 return    98.66 crash False
ep 187 seed  87 steps  251 return    43.86 crash False
ep 188 seed  88 steps  251 return    61.77 crash False
ep 189 seed  89 steps  251 return    71.89 crash False
ep 190 seed  90 steps  251 return    36.44 crash False
ep 191 seed  91 steps  251 return    47.40 crash False
ep 192 seed  92 steps  251 return    79.40 crash False
ep 193 seed  93 steps  251 return   106.65 crash False
ep 194 seed  94 steps  251 return    85.79 crash False
ep 195 seed  95 steps  125 return    59.86 crash False
ep 196 seed  96 steps   30 return    -0.05 crash False
ep 197 seed  97 steps   43 return     3.72 crash False
ep 198 seed  98 steps  145 return    57.05 crash True
ep 199 seed  99 steps  251 return   122.05 crash False
ep 200 seed   0 steps  162 return    73.43 crash False
ep 201 seed   1 steps  251 return    39.12 crash False
ep 202 seed   2 steps  251 return    51.64 crash False
ep 203 seed   3 steps  251 return    40.20 crash False
ep 204 seed   4 steps  251 return    93.98 crash False
ep 205 seed   5 steps   69 return    10.63 crash False
ep 206 seed   6 steps  251 return    77.00 crash False
ep 207 seed   7 steps  251 return    52.45 crash False
ep 208 seed   8 steps  251 return    37.69 crash False
ep 209 seed   9 steps  251 return    35.70 crash False
ep 210 seed  10 steps  251 return    84.71 crash False
ep 211 seed  11 steps   46 return     4.44 crash False
ep 212 seed  12 steps  251 return   122.05 crash False
ep 213 seed  13 steps  251 return    81.76 crash False
ep 214 seed  14 steps  251 return    72.03 crash False
ep 215 seed  15 steps  251 return   112.60 crash False
ep 216 seed  16 steps  251 return    38.66 crash False
ep 217 seed  17 steps  251 return    59.72 crash False
ep 218 seed  18 steps  180 return    70.20 crash False
ep 219 seed  19 steps  251 return    91.00 crash False
ep 220 seed  20 steps   56 return    13.68 crash False
ep 221 seed  21 steps   39 return     3.37 crash False
ep 222 seed  22 steps  251 return    41.43 crash False
ep 223 seed  23 steps   56 return     8.62 crash False
ep 224 seed  24 steps  251 return    84.57 crash False
ep 225 seed  25 steps   29 return     1.63 crash False
ep 226 seed  26 steps  251 return    41.23 crash False
ep 227 seed  27 steps  251 return    56.37 crash False
ep 228 seed  28 steps  251 return    42.88 crash False
ep 229 seed  29 steps  251 return   121.30 crash False
ep 230 seed  30 steps   39 return     6.45 crash False
ep 231 seed  31 steps   45 return     3.92 crash False
ep 232 seed  32 steps   27 return    -1.37 crash False
ep 233 seed  33 steps  251 return    95.61 crash False
ep 234 seed  34 steps  251 return    63.01 crash False
ep 235 seed  35 steps  251 return    85.44 crash False
ep 236 seed  36 steps  251 return    42.73 crash False
ep 237 seed  37 steps   22 return    -1.02 crash False
ep 238 seed  38 steps  251 return   125.77 crash False
ep 239 seed  39 steps  251 return    46.24 crash False
ep 240 seed  40 steps  251 return    49.77 crash False
ep 241 seed  41 steps  251 return    44.22 crash False
ep 242 seed  42 steps  251 return    49.13 crash False
ep 243 seed  43 steps  251 return    65.03 crash False
ep 244 seed  44 steps   35 return     2.59 crash False
ep 245 seed  45 steps  251 return    98.58 crash False
ep 246 seed  46 steps   30 return    -0.91 crash False
ep 247 seed  47 steps  251 return    22.85 crash False
ep 248 seed  48 steps   21 return    -0.96 crash False
ep 249 seed  49 steps  251 return    92.48 crash False
ep 250 seed  50 steps  251 return   101.83 crash False
ep 251 seed  51 steps  144 return    50.99 crash False
ep 252 seed  52 steps   47 return    10.38 crash False
ep 253 seed  53 steps  251 return   109.62 crash False
ep 254 seed  54 steps   29 return     1.11 crash False
ep 255 seed  55 steps   76 return     4.57 crash False
ep 256 seed  56 steps  137 return    64.14 crash False
ep 257 seed  57 steps   59 return    11.09 crash False
ep 258 seed  58 steps  251 return    39.93 crash False
ep 259 seed  59 steps   81 return    17.23 crash False
ep 260 seed  60 steps  138 return    47.38 crash False
ep 261 seed  61 steps  251 return    46.85 crash False
ep 262 seed  62 steps  251 return    49.51 crash False
ep 263 seed  63 steps  251 return   116.50 crash False
ep 264 seed  64 steps   49 return     3.28 crash False
ep 265 seed  65 steps  251 return    86.13 crash False
ep 266 seed  66 steps  251 return    58.88 crash False
ep 267 seed  67 steps   23 return    -1.69 crash False
ep 268 seed  68 steps  251 return    39.57 crash False
ep 269 seed  69 steps  251 return    35.38 crash False
ep 270 seed  70 steps  251 return    48.43 crash False
ep 271 seed  71 steps   22 return    -1.30 crash False
ep 272 seed  72 steps  147 return    52.86 crash False
ep 273 seed  73 steps  251 return    83.90 crash False
ep 274 seed  74 steps  251 return   100.53 crash False
ep 275 seed  75 steps  251 return    72.08 crash False
ep 276 seed  76 steps   27 return    -1.94 crash False
ep 277 seed  77 steps   28 return     2.74 crash False
ep 278 seed  78 steps  251 return    47.73 crash False
ep 279 seed  79 steps  251 return    59.41 crash False
ep 280 seed  80 steps  251 return    99.58 crash False
ep 281 seed  81 steps  251 return    53.83 crash False
ep 282 seed  82 steps   25 return    -0.02 crash False
ep 283 seed  83 steps  251 return    60.48 crash False
ep 284 seed  84 steps   52 return     1.38 crash False
ep 285 seed  85 steps   21 return    -1.47 crash False
ep 286 seed  86 steps  251 return    45.50 crash False
ep 287 seed  87 steps   39 return     6.28 crash False
ep 288 seed  88 steps  251 return    89.42 crash False
ep 289 seed  89 steps   23 return    -1.16 crash False
ep 290 seed  90 steps  251 return    65.64 crash False
ep 291 seed  91 steps  251 return    54.21 crash False
ep 292 seed  92 steps  251 return    80.05 crash False
ep 293 seed  93 steps  116 return    56.49 crash False
ep 294 seed  94 steps   27 return    -0.83 crash False
ep 295 seed  95 steps  251 return    91.68 crash False
ep 296 seed  96 steps   37 return     8.83 crash False
ep 297 seed  97 steps   46 return    12.64 crash False
ep 298 seed  98 steps  149 return    62.01 crash True
ep 299 seed  99 steps  251 return    63.66 crash False
ep 300 seed   0 steps   38 return     3.63 crash False
ep 301 seed   1 steps  151 return    58.94 crash False
ep 302 seed   2 steps   23 return     0.04 crash False
ep 303 seed   3 steps  118 return    50.07 crash True
ep 304 seed   4 steps  251 return    68.89 crash False
ep 305 seed   5 steps   37 return     4.94 crash False
ep 306 seed   6 steps  251 return    33.49 crash False
ep 307 seed   7 steps  251 return    47.68 crash False
ep 308 seed   8 steps  251 return    68.82 crash False
ep 309 seed   9 steps  251 return   111.09 crash False
ep 310 seed  10 steps  251 return   103.12 crash False
ep 311 seed  11 steps   24 return    -0.51 crash False
ep 312 seed  12 steps  251 return    87.61 crash False
ep 313 seed  13 steps  251 return    74.81 crash False
ep 314 seed  14 steps  251 return    91.92 crash False
ep 315 seed  15 steps  251 return   105.45 crash False
ep 316 seed  16 steps  251 return   122.90 crash False
ep 317 seed  17 steps   41 return     6.18 crash False
ep 318 seed  18 steps  251 return    40.30 crash False
ep 319 seed  19 steps   52 return    11.77 crash False
ep 320 seed  20 steps  251 return    75.71 crash False
ep 321 seed  21 steps   30 return     0.82 crash False
ep 322 seed  22 steps  251 return    59.72 crash False
ep 323 seed  23 steps  251 return    41.36 crash False
ep 324 seed  24 steps   28 return     2.29 crash False
ep 325 seed  25 steps  251 return    62.69 crash False
ep 326 seed  26 steps  251 return    65.02 crash False
ep 327 seed  27 steps  251 return    98.89 crash False
ep 328 seed  28 steps   23 return    -0.51 crash False
ep 329 seed  29 steps  251 return   104.78 crash False
ep 330 seed  30 steps  251 return   119.77 crash False
ep 331 seed  31 steps   45 return     4.02 crash False
ep 332 seed  32 steps   25 return    -0.85 crash False
ep 333 seed  33 steps  251 return    82.92 crash False
ep 334 seed  34 steps   48 return     0.39 crash False
ep 335 seed  35 steps  251 return   100.90 crash False
ep 336 seed  36 steps  251 return    43.50 crash False
ep 337 seed  37 steps  251 return    88.44 crash False
ep 338 seed  38 steps   30 return     2.39 crash False
ep 339 seed  39 steps   38 return     1.43 crash False
ep 340 seed  40 steps  101 return    41.20 crash False
ep 341 seed  41 steps   45 return     3.87 crash False
ep 342 seed  42 steps  107 return    48.94 crash False
ep 343 seed  43 steps  251 return    57.34 crash False
ep 344 seed  44 steps  193 return    95.98 crash False
ep 345 seed  45 steps  251 return    56.55 crash False
ep 346 seed  46 steps   28 return     2.54 crash False
ep 347 seed  47 steps  251 return   127.83 crash False
ep 348 seed  48 steps  251 return    89.88 crash False
ep 349 seed  49 steps   54 return     3.89 crash False
ep 350 seed  50 steps  131 return    52.46 crash False
ep 351 seed  51 steps   33 return     0.08 crash False
ep 352 seed  52 steps   51 return    10.67 crash False
ep 353 seed  53 steps  149 return    62.02 crash False
ep 354 seed  54 steps  251 return    33.56 crash False
ep 355 seed  55 steps  251 return    44.06 crash False
ep 356 seed  56 steps  251 return    37.60 crash False
ep 357 seed  57 steps  251 return    55.54 crash False
ep 358 seed  58 steps   53 return    15.84 crash False
ep 359 seed  59 steps  251 return    54.47 crash False
ep 360 seed  60 steps  134 return    60.81 crash False
ep 361 seed  61 steps  251 return   119.27 crash False
ep 362 seed  62 steps   21 return    -0.06 crash False
ep 363 seed  63 steps  251 return    52.29 crash False
ep 364 seed  64 steps   30 return     4.51 crash False
ep 365 seed  65 steps  242 return   126.80 crash True
ep 366 seed  66 steps   31 return     0.72 crash False
ep 367 seed  67 steps  251 return    76.76 crash False
ep 368 seed  68 steps  251 return    96.83 crash False
ep 369 seed  69 steps  145 return    51.54 crash False
ep 370 seed  70 steps  251 return    65.70 crash False
ep 371 seed  71 steps  137 return    63.35 crash False
ep 372 seed  72 steps   49 return    -1.71 crash False
ep 373 seed  73 steps  251 return    59.04 crash False
ep 374 seed  74 steps   23 return    -1.16 crash False
ep 375 seed  75 steps   60 return     6.39 crash False
ep 376 seed  76 steps   23 return    -0.20 crash False
ep 377 seed  77 steps  251 return    35.68 crash False
ep 378 seed  78 steps  251 return    60.40 crash False
ep 379 seed  79 steps  251 return    68.73 crash False
ep 380 seed  80 steps  251 return    99.98 crash False
ep 381 seed  81 steps  222 return   100.19 crash False
ep 382 seed  82 steps   26 return     0.81 crash False
ep 383 seed  83 steps   33 return    -0.91 crash False
ep 384 seed  84 steps  132 return    52.76 crash True
ep 385 seed  85 steps  251 return    52.42 crash False
ep 386 seed  86 steps  248 return   110.98 crash False
ep 387 seed  87 steps  251 return    32.35 crash False
ep 388 seed  88 steps  251 return    71.23 crash False
ep 389 seed  89 steps  251 return    33.66 crash False
ep 390 seed  90 steps  251 return    65.93 crash False
ep 391 seed  91 steps  251 return    91.79 crash False
ep 392 seed  92 steps  251 return    62.22 crash False
ep 393 seed  93 steps  251 return    59.19 crash False
ep 394 seed  94 steps   74 return     7.59 crash False
ep 395 seed  95 steps  197 return    80.79 crash False
ep 396 seed  96 steps   69 return    14.84 crash False
ep 397 seed  97 steps  211 return    41.64 crash True
ep 398 seed  98 steps   47 return     2.41 crash False
ep 399 seed  99 steps  186 return    85.44 crash False

collected 400 episodes / 67189 transitions in 293.8s -> data/metadrive64
